C51 COMPILER V9.00   LCD                                                                   07/04/2020 23:10:46 PAGE 1   


C51 COMPILER V9.00, COMPILATION OF MODULE LCD
OBJECT MODULE PLACED IN .\Objects\lcd.obj
COMPILER INVOKED BY: D:\Keil_v5\C51\BIN\C51.EXE lcd.c LARGE OPTIMIZE(8,SPEED) BROWSE DEBUG OBJECTEXTEND PRINT(.\Listings
                    -\lcd.lst) OBJECT(.\Objects\lcd.obj)

line level    source

   1          #include "lcd.h"
   2          #include "lcd_init.h"
   3          #include "lcdfont.h"
   4          #include "REG52.h"
   5          
   6          
   7          /******************************************************************************
   8                函数说明：在指定区域填充颜色
   9                入口数据：xsta,ysta   起始坐标
  10                          xend,yend   终止坐标
  11                                                                          color       要填充的颜色
  12                返回值：  无
  13          ******************************************************************************/
  14          void LCD_Fill(u16 xsta,u16 ysta,u16 xend,u16 yend,u16 color)
  15          {          
  16   1              u16 i,j; 
  17   1              LCD_Address_Set(xsta,ysta,xend-1,yend-1);//设置显示范围
  18   1              for(i=ysta;i<yend;i++)
  19   1              {                                                                                                                       
  20   2                      for(j=xsta;j<xend;j++)
  21   2                      {
  22   3                              LCD_WR_DATA(color);
  23   3                      }
  24   2              }                                                   
  25   1      }
  26          
  27          /******************************************************************************
  28                函数说明：在指定位置画点
  29                入口数据：x,y 画点坐标
  30                          color 点的颜色
  31                返回值：  无
  32          ******************************************************************************/
  33          void LCD_DrawPoint(u16 x,u16 y,u16 color)
  34          {
  35   1              LCD_Address_Set(x,y,x,y);//设置光标位置 
  36   1              LCD_WR_DATA(color);
  37   1      } 
  38          
  39          
  40          /******************************************************************************
  41                函数说明：画线
  42                入口数据：x1,y1   起始坐标
  43                          x2,y2   终止坐标
  44                          color   线的颜色
  45                返回值：  无
  46          ******************************************************************************/
  47          void LCD_DrawLine(u16 x1,u16 y1,u16 x2,u16 y2,u16 color)
  48          {
  49   1              u16 t; 
  50   1              int xerr=0,yerr=0,delta_x,delta_y,distance;
  51   1              int incx,incy,uRow,uCol;
  52   1              delta_x=x2-x1; //计算坐标增量 
  53   1              delta_y=y2-y1;
  54   1              uRow=x1;//画线起点坐标
C51 COMPILER V9.00   LCD                                                                   07/04/2020 23:10:46 PAGE 2   

  55   1              uCol=y1;
  56   1              if(delta_x>0)incx=1; //设置单步方向 
  57   1              else if (delta_x==0)incx=0;//垂直线 
  58   1              else {incx=-1;delta_x=-delta_x;}
  59   1              if(delta_y>0)incy=1;
  60   1              else if (delta_y==0)incy=0;//水平线 
  61   1              else {incy=-1;delta_y=-delta_x;}
  62   1              if(delta_x>delta_y)distance=delta_x; //选取基本增量坐标轴 
  63   1              else distance=delta_y;
  64   1              for(t=0;t<distance+1;t++)
  65   1              {
  66   2                      LCD_DrawPoint(uRow,uCol,color);//画点
  67   2                      xerr+=delta_x;
  68   2                      yerr+=delta_y;
  69   2                      if(xerr>distance)
  70   2                      {
  71   3                              xerr-=distance;
  72   3                              uRow+=incx;
  73   3                      }
  74   2                      if(yerr>distance)
  75   2                      {
  76   3                              yerr-=distance;
  77   3                              uCol+=incy;
  78   3                      }
  79   2              }
  80   1      }
  81          
  82          
  83          /******************************************************************************
  84                函数说明：画矩形
  85                入口数据：x1,y1   起始坐标
  86                          x2,y2   终止坐标
  87                          color   矩形的颜色
  88                返回值：  无
  89          ******************************************************************************/
  90          void LCD_DrawRectangle(u16 x1, u16 y1, u16 x2, u16 y2,u16 color)
  91          {
  92   1              LCD_DrawLine(x1,y1,x2,y1,color);
  93   1              LCD_DrawLine(x1,y1,x1,y2,color);
  94   1              LCD_DrawLine(x1,y2,x2,y2,color);
  95   1              LCD_DrawLine(x2,y1,x2,y2,color);
  96   1      }
  97          
  98          
  99          /******************************************************************************
 100                函数说明：画圆
 101                入口数据：x0,y0   圆心坐标
 102                          r       半径
 103                          color   圆的颜色
 104                返回值：  无
 105          ******************************************************************************/
 106          void Draw_Circle(u16 x0,u16 y0,u8 r,u16 color)
 107          {
 108   1              int a,b;
 109   1              a=0;b=r;          
 110   1              while(a<=b)
 111   1              {
 112   2                      LCD_DrawPoint(x0-b,y0-a,color);             //3           
 113   2                      LCD_DrawPoint(x0+b,y0-a,color);             //0           
 114   2                      LCD_DrawPoint(x0-a,y0+b,color);             //1                
 115   2                      LCD_DrawPoint(x0-a,y0-b,color);             //2             
 116   2                      LCD_DrawPoint(x0+b,y0+a,color);             //4               
C51 COMPILER V9.00   LCD                                                                   07/04/2020 23:10:46 PAGE 3   

 117   2                      LCD_DrawPoint(x0+a,y0-b,color);             //5
 118   2                      LCD_DrawPoint(x0+a,y0+b,color);             //6 
 119   2                      LCD_DrawPoint(x0-b,y0+a,color);             //7
 120   2                      a++;
 121   2                      if((a*a+b*b)>(r*r))//判断要画的点是否过远
 122   2                      {
 123   3                              b--;
 124   3                      }
 125   2              }
 126   1      }
 127          
 128          /******************************************************************************
 129                函数说明：显示汉字串
 130                入口数据：x,y显示坐标
 131                          *s 要显示的汉字串
 132                          fc 字的颜色
 133                          bc 字的背景色
 134                          sizey 字号 可选 16 24 32
 135                          mode:  0非叠加模式  1叠加模式
 136                返回值：  无
 137          ******************************************************************************/
 138          void LCD_ShowChinese(u16 x,u16 y,u8 *s,u16 fc,u16 bc,u8 sizey,u8 mode)
 139          {
 140   1              while(*s!=0)
 141   1              {
 142   2                      if(sizey==16) LCD_ShowChinese16x16(x,y,s,fc,bc,sizey,mode);
 143   2                      else if(sizey==24) LCD_ShowChinese24x24(x,y,s,fc,bc,sizey,mode);
 144   2                      else if(sizey==32) LCD_ShowChinese32x32(x,y,s,fc,bc,sizey,mode);
 145   2                      else return;
 146   2                      s+=2;
 147   2                      x+=sizey;
 148   2              }
 149   1      }
 150          
 151          /******************************************************************************
 152                函数说明：显示单个16x16汉字
 153                入口数据：x,y显示坐标
 154                          *s 要显示的汉字
 155                          fc 字的颜色
 156                          bc 字的背景色
 157                          sizey 字号
 158                          mode:  0非叠加模式  1叠加模式
 159                返回值：  无
 160          ******************************************************************************/
 161          void LCD_ShowChinese16x16(u16 x,u16 y,u8 *s,u16 fc,u16 bc,u8 sizey,u8 mode)
 162          {
 163   1              u8 i,j;
 164   1              u16 k;
 165   1              u16 HZnum;//汉字数目
 166   1              u16 TypefaceNum;//一个字符所占字节大小
 167   1              u16 x0=x;
 168   1              TypefaceNum=sizey/8*sizey;//此算法只适用于字宽等于字高，且字高是8的倍数的字，
 169   1                                        //也建议用户使用这样大小的字,否则显示容易出问题！
 170   1              HZnum=sizeof(tfont16)/sizeof(typFNT_GB16);      //统计汉字数目
 171   1              for(k=0;k<HZnum;k++) 
 172   1              {
 173   2                      if ((tfont16[k].Index[0]==*(s))&&(tfont16[k].Index[1]==*(s+1)))
 174   2                      {       
 175   3                              LCD_Address_Set(x,y,x+sizey-1,y+sizey-1);
 176   3                              for(i=0;i<TypefaceNum;i++)
 177   3                              {
 178   4                                      for(j=0;j<8;j++)
C51 COMPILER V9.00   LCD                                                                   07/04/2020 23:10:46 PAGE 4   

 179   4                                      {       
 180   5                                              if(!mode)//非叠加方式
 181   5                                              {
 182   6                                                      if(tfont16[k].Msk[i]&(0x01<<j))LCD_WR_DATA(fc);
 183   6                                                      else LCD_WR_DATA(bc);
 184   6                                              }
 185   5                                              else//叠加方式
 186   5                                              {
 187   6                                                      if(tfont16[k].Msk[i]&(0x01<<j)) LCD_DrawPoint(x,y,fc);//画一个点
 188   6                                                      x++;
 189   6                                                      if((x-x0)==sizey)
 190   6                                                      {
 191   7                                                              x=x0;
 192   7                                                              y++;
 193   7                                                              break;
 194   7                                                      }
 195   6                                              }
 196   5                                      }
 197   4                              }
 198   3                      }                                       
 199   2                      continue;  //查找到对应点阵字库立即退出，防止多个汉字重复取模带来影响
 200   2              }
 201   1      } 
 202          
 203          
 204          /******************************************************************************
 205                函数说明：显示单个24x24汉字
 206                入口数据：x,y显示坐标
 207                          *s 要显示的汉字
 208                          fc 字的颜色
 209                          bc 字的背景色
 210                          sizey 字号
 211                          mode:  0非叠加模式  1叠加模式
 212                返回值：  无
 213          ******************************************************************************/
 214          void LCD_ShowChinese24x24(u16 x,u16 y,u8 *s,u16 fc,u16 bc,u8 sizey,u8 mode)
 215          {
 216   1              u8 i,j;
 217   1              u16 k;
 218   1              u16 HZnum;//汉字数目
 219   1              u16 TypefaceNum;//一个字符所占字节大小
 220   1              u16 x0=x;
 221   1              TypefaceNum=sizey/8*sizey;//此算法只适用于字宽等于字高，且字高是8的倍数的字，
 222   1                                        //也建议用户使用这样大小的字,否则显示容易出问题！
 223   1              HZnum=sizeof(tfont24)/sizeof(typFNT_GB24);      //统计汉字数目
 224   1              for(k=0;k<HZnum;k++) 
 225   1              {
 226   2                      if ((tfont24[k].Index[0]==*(s))&&(tfont24[k].Index[1]==*(s+1)))
 227   2                      {       
 228   3                              LCD_Address_Set(x,y,x+sizey-1,y+sizey-1);
 229   3                              for(i=0;i<TypefaceNum;i++)
 230   3                              {
 231   4                                      for(j=0;j<8;j++)
 232   4                                      {       
 233   5                                              if(!mode)//非叠加方式
 234   5                                              {
 235   6                                                      if(tfont24[k].Msk[i]&(0x01<<j))LCD_WR_DATA(fc);
 236   6                                                      else LCD_WR_DATA(bc);
 237   6                                              }
 238   5                                              else//叠加方式
 239   5                                              {
 240   6                                                      if(tfont24[k].Msk[i]&(0x01<<j)) LCD_DrawPoint(x,y,fc);//画一个点
C51 COMPILER V9.00   LCD                                                                   07/04/2020 23:10:46 PAGE 5   

 241   6                                                      x++;
 242   6                                                      if((x-x0)==sizey)
 243   6                                                      {
 244   7                                                              x=x0;
 245   7                                                              y++;
 246   7                                                              break;
 247   7                                                      }
 248   6                                              }
 249   5                                      }
 250   4                              }
 251   3                      }                                       
 252   2                      continue;  //查找到对应点阵字库立即退出，防止多个汉字重复取模带来影响
 253   2              }
 254   1      } 
 255          
 256          /******************************************************************************
 257                函数说明：显示单个32x32汉字
 258                入口数据：x,y显示坐标
 259                          *s 要显示的汉字
 260                          fc 字的颜色
 261                          bc 字的背景色
 262                          sizey 字号
 263                          mode:  0非叠加模式  1叠加模式
 264                返回值：  无
 265          ******************************************************************************/
 266          void LCD_ShowChinese32x32(u16 x,u16 y,u8 *s,u16 fc,u16 bc,u8 sizey,u8 mode)
 267          {
 268   1              u8 i,j;
 269   1              u16 k;
 270   1              u16 HZnum;//汉字数目
 271   1              u16 TypefaceNum;//一个字符所占字节大小
 272   1              u16 x0=x;
 273   1              TypefaceNum=sizey/8*sizey;//此算法只适用于字宽等于字高，且字高是8的倍数的字，
 274   1                                        //也建议用户使用这样大小的字,否则显示容易出问题！
 275   1              HZnum=sizeof(tfont32)/sizeof(typFNT_GB32);      //统计汉字数目
 276   1              for(k=0;k<HZnum;k++) 
 277   1              {
 278   2                      if ((tfont32[k].Index[0]==*(s))&&(tfont32[k].Index[1]==*(s+1)))
 279   2                      {       
 280   3                              LCD_Address_Set(x,y,x+sizey-1,y+sizey-1);
 281   3                              for(i=0;i<TypefaceNum;i++)
 282   3                              {
 283   4                                      for(j=0;j<8;j++)
 284   4                                      {       
 285   5                                              if(!mode)//非叠加方式
 286   5                                              {
 287   6                                                      if(tfont32[k].Msk[i]&(0x01<<j))LCD_WR_DATA(fc);
 288   6                                                      else LCD_WR_DATA(bc);
 289   6                                              }
 290   5                                              else//叠加方式
 291   5                                              {
 292   6                                                      if(tfont32[k].Msk[i]&(0x01<<j)) LCD_DrawPoint(x,y,fc);//画一个点
 293   6                                                      x++;
 294   6                                                      if((x-x0)==sizey)
 295   6                                                      {
 296   7                                                              x=x0;
 297   7                                                              y++;
 298   7                                                              break;
 299   7                                                      }
 300   6                                              }
 301   5                                      }
 302   4                              }
C51 COMPILER V9.00   LCD                                                                   07/04/2020 23:10:46 PAGE 6   

 303   3                      }                                       
 304   2                      continue;  //查找到对应点阵字库立即退出，防止多个汉字重复取模带来影响
 305   2              }
 306   1      }
 307          
 308          
 309          /******************************************************************************
 310                函数说明：显示单个字符
 311                入口数据：x,y显示坐标
 312                          num 要显示的字符
 313                          fc 字的颜色
 314                          bc 字的背景色
 315                          sizey 字号
 316                          mode:  0非叠加模式  1叠加模式
 317                返回值：  无
 318          ******************************************************************************/
 319          void LCD_ShowChar(u16 x,u16 y,u8 num,u16 fc,u16 bc,u8 sizey,u8 mode)
 320          {
 321   1              u8 temp,sizex,t;
 322   1              u16 i,TypefaceNum;//一个字符所占字节大小
 323   1              u16 x0=x;
 324   1              sizex=sizey/2;
 325   1              TypefaceNum=sizex/8*sizey;
 326   1              num=num-' ';    //得到偏移后的值
 327   1              LCD_Address_Set(x,y,x+sizex-1,y+sizey-1);  //设置光标位置 
 328   1              for(i=0;i<TypefaceNum;i++)
 329   1              { 
 330   2                      if(sizey==16)temp=ascii_1608[num][i];                  //调用8x16字体
 331   2                      else if(sizey==32)temp=ascii_3216[num][i];               //调用16x32字体
 332   2                      else return;
 333   2                      for(t=0;t<8;t++)
 334   2                      {
 335   3                              if(!mode)//非叠加模式
 336   3                              {
 337   4                                      if(temp&(0x01<<t))LCD_WR_DATA(fc);
 338   4                                      else LCD_WR_DATA(bc);
 339   4                              }
 340   3                              else//叠加模式
 341   3                              {
 342   4                                      if(temp&(0x01<<t))LCD_DrawPoint(x,y,fc);//画一个点
 343   4                                      x++;
 344   4                                      if((x-x0)==sizex)
 345   4                                      {
 346   5                                              x=x0;
 347   5                                              y++;
 348   5                                              break;
 349   5                                      }
 350   4                              }
 351   3                      }
 352   2              }                 
 353   1      }
 354          
 355          
 356          /******************************************************************************
 357                函数说明：显示字符串
 358                入口数据：x,y显示坐标
 359                          *p 要显示的字符串
 360                          fc 字的颜色
 361                          bc 字的背景色
 362                          sizey 字号
 363                          mode:  0非叠加模式  1叠加模式
 364                返回值：  无
C51 COMPILER V9.00   LCD                                                                   07/04/2020 23:10:46 PAGE 7   

 365          ******************************************************************************/
 366          void LCD_ShowString(u16 x,u16 y,const u8 *p,u16 fc,u16 bc,u8 sizey,u8 mode)
 367          {         
 368   1              while(*p!='\0')
 369   1              {       
 370   2                      LCD_ShowChar(x,y,*p,fc,bc,sizey,mode);
 371   2                      x+=sizey/2;
 372   2                      p++;
 373   2              }  
 374   1      }
 375          
 376          
 377          /******************************************************************************
 378                函数说明：显示数字
 379                入口数据：m底数，n指数
 380                返回值：  无
 381          ******************************************************************************/
 382          u32 mypow(u8 m,u8 n)
 383          {
 384   1              u32 result=1;    
 385   1              while(n--)result*=m;
 386   1              return result;
 387   1      }
 388          
 389          
 390          /******************************************************************************
 391                函数说明：显示整数变量
 392                入口数据：x,y显示坐标
 393                          num 要显示整数变量
 394                          len 要显示的位数
 395                          fc 字的颜色
 396                          bc 字的背景色
 397                          sizey 字号
 398                返回值：  无
 399          ******************************************************************************/
 400          void LCD_ShowIntNum(u16 x,u16 y,u16 num,u8 len,u16 fc,u16 bc,u8 sizey)
 401          {               
 402   1              u8 t,temp;
 403   1              u8 enshow=0;
 404   1              u8 sizex=sizey/2;
 405   1              for(t=0;t<len;t++)
 406   1              {
 407   2                      temp=(num/mypow(10,len-t-1))%10;
 408   2                      if(enshow==0&&t<(len-1))
 409   2                      {
 410   3                              if(temp==0)
 411   3                              {
 412   4                                      LCD_ShowChar(x+t*sizex,y,' ',fc,bc,sizey,0);
 413   4                                      continue;
 414   4                              }else enshow=1; 
 415   3                               
 416   3                      }
 417   2                      LCD_ShowChar(x+t*sizex,y,temp+48,fc,bc,sizey,0);
 418   2              }
 419   1      } 
 420          
 421          
 422          /******************************************************************************
 423                函数说明：显示两位小数变量
 424                入口数据：x,y显示坐标
 425                          num 要显示小数变量
 426                          len 要显示的位数
C51 COMPILER V9.00   LCD                                                                   07/04/2020 23:10:46 PAGE 8   

 427                          fc 字的颜色
 428                          bc 字的背景色
 429                          sizey 字号
 430                返回值：  无
 431          ******************************************************************************/
 432          void LCD_ShowFloatNum1(u16 x,u16 y,float num,u8 len,u16 fc,u16 bc,u8 sizey)
 433          {               
 434   1              u8 t,temp,sizex;
 435   1              u16 num1;
 436   1              sizex=sizey/2;
 437   1              num1=num*100;
 438   1              for(t=0;t<len;t++)
 439   1              {
 440   2                      temp=(num1/mypow(10,len-t-1))%10;
 441   2                      if(t==(len-2))
 442   2                      {
 443   3                              LCD_ShowChar(x+(len-2)*sizex,y,'.',fc,bc,sizey,0);
 444   3                              t++;
 445   3                              len+=1;
 446   3                      }
 447   2                      LCD_ShowChar(x+t*sizex,y,temp+48,fc,bc,sizey,0);
 448   2              }
 449   1      }
 450          
 451          
 452          /******************************************************************************
 453                函数说明：显示图片
 454                入口数据：x,y起点坐标
 455                          length 图片长度
 456                          width  图片宽度
 457                          pic[]  图片数组    
 458                返回值：  无
 459          ******************************************************************************/
 460          void LCD_ShowPicture(u16 x,u16 y,u16 length,u16 width,const u8 pic[])
 461          {
 462   1              u16 i,j,k=0;
 463   1              LCD_Address_Set(x,y,x+length-1,y+width-1);
 464   1              for(i=0;i<length;i++)
 465   1              {
 466   2                      for(j=0;j<width;j++)
 467   2                      {
 468   3                              LCD_WR_DATA8(pic[k*2]);
 469   3                              LCD_WR_DATA8(pic[k*2+1]);
 470   3                              k++;
 471   3                      }
 472   2              }                       
 473   1      }
 474          
 475          


MODULE INFORMATION:   STATIC OVERLAYABLE
   CODE SIZE        =   5102    ----
   CONSTANT SIZE    =   7600    ----
   XDATA SIZE       =   1190     244
   PDATA SIZE       =   ----    ----
   DATA SIZE        =   ----    ----
   IDATA SIZE       =   ----    ----
   BIT SIZE         =   ----    ----
END OF MODULE INFORMATION.


C51 COMPILATION COMPLETE.  0 WARNING(S),  0 ERROR(S)
